
> dry-dock@1.0.0 start
> chmod +x ./setup_real_world_example.sh && ./setup_real_world_example.sh && ts-node src/drydock.ts scan mock-repos/inventory-service mock-repos/order-service --open scan mock-repos/inventory-service mock-repos/order-service --open

Real world example mock repos created in mock-repos/
Scanning paths: [
  'scan',
  'mock-repos/inventory-service',
  'mock-repos/order-service',
  'mock-repos/inventory-service',
  'mock-repos/order-service'
]
Starting file search in scan, mock-repos/inventory-service/**/*, mock-repos/order-service/**/*, mock-repos/inventory-service/**/*, mock-repos/order-service/**/*...
Found 8 files in 0.008s
Found 2 project roots
Pre-fetching git info for 4 unique duplicate files...
Finished pre-fetching git info.
Report saved to drydock-report.json
Dashboard successfully launched at http://localhost:3000
Press Ctrl+C to stop the server.
[SERVER]: GET /api/diff
[SERVER]: GET /
[SERVER]: GET /api/data
[SERVER]: GET /api/trend
[SERVER]: GET /favicon.ico
[SERVER]: GET /api/diff
